// Jest Snapshot v1, https://goo.gl/fbAQLP

exports[`Content render 1`] = `
<h1>
  something test
</h1>
`;
